[2025-08-27T15:56:55.943-0500][gc] Using G1
[2025-08-27T15:56:55.947-0500][gc,init] Version: 17.0.15+6-Debian-1deb12u1 (release)
[2025-08-27T15:56:55.947-0500][gc,init] CPUs: 20 total, 20 available
[2025-08-27T15:56:55.947-0500][gc,init] Memory: 15681M
[2025-08-27T15:56:55.947-0500][gc,init] Large Page Support: Disabled
[2025-08-27T15:56:55.947-0500][gc,init] NUMA Support: Disabled
[2025-08-27T15:56:55.947-0500][gc,init] Compressed Oops: Enabled (32-bit)
[2025-08-27T15:56:55.947-0500][gc,init] Heap Region Size: 1M
[2025-08-27T15:56:55.947-0500][gc,init] Heap Min Capacity: 1G
[2025-08-27T15:56:55.947-0500][gc,init] Heap Initial Capacity: 1G
[2025-08-27T15:56:55.947-0500][gc,init] Heap Max Capacity: 1G
[2025-08-27T15:56:55.947-0500][gc,init] Pre-touch: Disabled
[2025-08-27T15:56:55.947-0500][gc,init] Parallel Workers: 15
[2025-08-27T15:56:55.947-0500][gc,init] Concurrent Workers: 4
[2025-08-27T15:56:55.947-0500][gc,init] Concurrent Refinement Workers: 15
[2025-08-27T15:56:55.947-0500][gc,init] Periodic GC: Disabled
[2025-08-27T15:56:55.951-0500][gc,metaspace] CDS archive(s) mapped at: [0x0000775a6f000000-0x0000775a6fbc7000-0x0000775a6fbc7000), size 12349440, SharedBaseAddress: 0x0000775a6f000000, ArchiveRelocationMode: 1.
[2025-08-27T15:56:55.951-0500][gc,metaspace] Compressed class space mapped at: 0x0000775a70000000-0x0000775ab0000000, reserved size: 1073741824
[2025-08-27T15:56:55.951-0500][gc,metaspace] Narrow klass base: 0x0000775a6f000000, Narrow klass shift: 0, Narrow klass range: 0x100000000
[2025-08-27T15:56:56.510-0500][gc,start    ] GC(0) Pause Young (Normal) (G1 Evacuation Pause)
[2025-08-27T15:56:56.511-0500][gc,task     ] GC(0) Using 15 workers of 15 for evacuation
[2025-08-27T15:56:56.514-0500][gc,phases   ] GC(0)   Pre Evacuate Collection Set: 0.2ms
[2025-08-27T15:56:56.514-0500][gc,phases   ] GC(0)   Merge Heap Roots: 0.1ms
[2025-08-27T15:56:56.514-0500][gc,phases   ] GC(0)   Evacuate Collection Set: 1.8ms
[2025-08-27T15:56:56.514-0500][gc,phases   ] GC(0)   Post Evacuate Collection Set: 0.3ms
[2025-08-27T15:56:56.514-0500][gc,phases   ] GC(0)   Other: 1.0ms
[2025-08-27T15:56:56.514-0500][gc,heap     ] GC(0) Eden regions: 51->0(44)
[2025-08-27T15:56:56.514-0500][gc,heap     ] GC(0) Survivor regions: 0->7(7)
[2025-08-27T15:56:56.514-0500][gc,heap     ] GC(0) Old regions: 0->1
[2025-08-27T15:56:56.514-0500][gc,heap     ] GC(0) Archive regions: 2->2
[2025-08-27T15:56:56.514-0500][gc,heap     ] GC(0) Humongous regions: 0->0
[2025-08-27T15:56:56.514-0500][gc,metaspace] GC(0) Metaspace: 17582K(17856K)->17582K(17856K) NonClass: 15463K(15616K)->15463K(15616K) Class: 2118K(2240K)->2118K(2240K)
[2025-08-27T15:56:56.514-0500][gc          ] GC(0) Pause Young (Normal) (G1 Evacuation Pause) 51M->8M(1024M) 3.411ms
[2025-08-27T15:56:56.514-0500][gc,cpu      ] GC(0) User=0.02s Sys=0.00s Real=0.01s
[2025-08-27T15:56:56.702-0500][gc,start    ] GC(1) Pause Young (Concurrent Start) (Metadata GC Threshold)
[2025-08-27T15:56:56.702-0500][gc,task     ] GC(1) Using 15 workers of 15 for evacuation
[2025-08-27T15:56:56.705-0500][gc,phases   ] GC(1)   Pre Evacuate Collection Set: 0.1ms
[2025-08-27T15:56:56.705-0500][gc,phases   ] GC(1)   Merge Heap Roots: 0.0ms
[2025-08-27T15:56:56.705-0500][gc,phases   ] GC(1)   Evacuate Collection Set: 1.7ms
[2025-08-27T15:56:56.705-0500][gc,phases   ] GC(1)   Post Evacuate Collection Set: 0.3ms
[2025-08-27T15:56:56.705-0500][gc,phases   ] GC(1)   Other: 0.1ms
[2025-08-27T15:56:56.705-0500][gc,heap     ] GC(1) Eden regions: 16->0(49)
[2025-08-27T15:56:56.705-0500][gc,heap     ] GC(1) Survivor regions: 7->2(7)
[2025-08-27T15:56:56.705-0500][gc,heap     ] GC(1) Old regions: 1->9
[2025-08-27T15:56:56.705-0500][gc,heap     ] GC(1) Archive regions: 2->2
[2025-08-27T15:56:56.705-0500][gc,heap     ] GC(1) Humongous regions: 129->129
[2025-08-27T15:56:56.705-0500][gc,metaspace] GC(1) Metaspace: 21258K(21504K)->21258K(21504K) NonClass: 18701K(18816K)->18701K(18816K) Class: 2556K(2688K)->2556K(2688K)
[2025-08-27T15:56:56.705-0500][gc          ] GC(1) Pause Young (Concurrent Start) (Metadata GC Threshold) 153M->139M(1024M) 2.314ms
[2025-08-27T15:56:56.705-0500][gc,cpu      ] GC(1) User=0.02s Sys=0.01s Real=0.01s
[2025-08-27T15:56:56.705-0500][gc          ] GC(2) Concurrent Mark Cycle
[2025-08-27T15:56:56.705-0500][gc,marking  ] GC(2) Concurrent Clear Claimed Marks
[2025-08-27T15:56:56.705-0500][gc,marking  ] GC(2) Concurrent Clear Claimed Marks 0.016ms
[2025-08-27T15:56:56.705-0500][gc,marking  ] GC(2) Concurrent Scan Root Regions
[2025-08-27T15:56:56.706-0500][gc,marking  ] GC(2) Concurrent Scan Root Regions 1.440ms
[2025-08-27T15:56:56.706-0500][gc,marking  ] GC(2) Concurrent Mark
[2025-08-27T15:56:56.706-0500][gc,marking  ] GC(2) Concurrent Mark From Roots
[2025-08-27T15:56:56.706-0500][gc,task     ] GC(2) Using 4 workers of 4 for marking
[2025-08-27T15:56:56.707-0500][gc,marking  ] GC(2) Concurrent Mark From Roots 1.200ms
[2025-08-27T15:56:56.707-0500][gc,marking  ] GC(2) Concurrent Preclean
[2025-08-27T15:56:56.708-0500][gc,marking  ] GC(2) Concurrent Preclean 0.050ms
[2025-08-27T15:56:56.708-0500][gc,start    ] GC(2) Pause Remark
[2025-08-27T15:56:56.709-0500][gc          ] GC(2) Pause Remark 140M->140M(1024M) 1.047ms
[2025-08-27T15:56:56.709-0500][gc,cpu      ] GC(2) User=0.01s Sys=0.00s Real=0.00s
[2025-08-27T15:56:56.709-0500][gc,marking  ] GC(2) Concurrent Mark 2.413ms
[2025-08-27T15:56:56.709-0500][gc,marking  ] GC(2) Concurrent Rebuild Remembered Sets
[2025-08-27T15:56:56.709-0500][gc,marking  ] GC(2) Concurrent Rebuild Remembered Sets 0.674ms
[2025-08-27T15:56:56.709-0500][gc,start    ] GC(2) Pause Cleanup
[2025-08-27T15:56:56.710-0500][gc          ] GC(2) Pause Cleanup 140M->140M(1024M) 0.110ms
[2025-08-27T15:56:56.710-0500][gc,cpu      ] GC(2) User=0.00s Sys=0.00s Real=0.00s
[2025-08-27T15:56:56.710-0500][gc,marking  ] GC(2) Concurrent Cleanup for Next Mark
[2025-08-27T15:56:56.711-0500][gc,marking  ] GC(2) Concurrent Cleanup for Next Mark 1.450ms
[2025-08-27T15:56:56.711-0500][gc          ] GC(2) Concurrent Mark Cycle 6.301ms
[2025-08-27T15:56:57.214-0500][gc,heap,exit] Heap
[2025-08-27T15:56:57.214-0500][gc,heap,exit]  garbage-first heap   total 1048576K, used 193300K [0x00000000c0000000, 0x0000000100000000)
[2025-08-27T15:56:57.215-0500][gc,heap,exit]   region size 1024K, 51 young (52224K), 2 survivors (2048K)
[2025-08-27T15:56:57.215-0500][gc,heap,exit]  Metaspace       used 31583K, committed 31808K, reserved 1114112K
[2025-08-27T15:56:57.215-0500][gc,heap,exit]   class space    used 3630K, committed 3712K, reserved 1048576K
