[2025-08-27T15:37:33.829-0500][gc] Using G1
[2025-08-27T15:37:33.833-0500][gc,init] Version: 17.0.15+6-Debian-1deb12u1 (release)
[2025-08-27T15:37:33.833-0500][gc,init] CPUs: 20 total, 20 available
[2025-08-27T15:37:33.833-0500][gc,init] Memory: 15681M
[2025-08-27T15:37:33.833-0500][gc,init] Large Page Support: Disabled
[2025-08-27T15:37:33.833-0500][gc,init] NUMA Support: Disabled
[2025-08-27T15:37:33.833-0500][gc,init] Compressed Oops: Enabled (32-bit)
[2025-08-27T15:37:33.833-0500][gc,init] Heap Region Size: 1M
[2025-08-27T15:37:33.833-0500][gc,init] Heap Min Capacity: 1G
[2025-08-27T15:37:33.833-0500][gc,init] Heap Initial Capacity: 1G
[2025-08-27T15:37:33.833-0500][gc,init] Heap Max Capacity: 1G
[2025-08-27T15:37:33.833-0500][gc,init] Pre-touch: Disabled
[2025-08-27T15:37:33.833-0500][gc,init] Parallel Workers: 15
[2025-08-27T15:37:33.833-0500][gc,init] Concurrent Workers: 4
[2025-08-27T15:37:33.833-0500][gc,init] Concurrent Refinement Workers: 15
[2025-08-27T15:37:33.833-0500][gc,init] Periodic GC: Disabled
[2025-08-27T15:37:33.839-0500][gc,metaspace] CDS archive(s) mapped at: [0x00007f2913000000-0x00007f2913bc7000-0x00007f2913bc7000), size 12349440, SharedBaseAddress: 0x00007f2913000000, ArchiveRelocationMode: 1.
[2025-08-27T15:37:33.839-0500][gc,metaspace] Compressed class space mapped at: 0x00007f2914000000-0x00007f2954000000, reserved size: 1073741824
[2025-08-27T15:37:33.839-0500][gc,metaspace] Narrow klass base: 0x00007f2913000000, Narrow klass shift: 0, Narrow klass range: 0x100000000
[2025-08-27T15:37:34.429-0500][gc,start    ] GC(0) Pause Young (Normal) (G1 Evacuation Pause)
[2025-08-27T15:37:34.430-0500][gc,task     ] GC(0) Using 15 workers of 15 for evacuation
[2025-08-27T15:37:34.433-0500][gc,phases   ] GC(0)   Pre Evacuate Collection Set: 0.2ms
[2025-08-27T15:37:34.433-0500][gc,phases   ] GC(0)   Merge Heap Roots: 0.0ms
[2025-08-27T15:37:34.433-0500][gc,phases   ] GC(0)   Evacuate Collection Set: 2.3ms
[2025-08-27T15:37:34.433-0500][gc,phases   ] GC(0)   Post Evacuate Collection Set: 0.2ms
[2025-08-27T15:37:34.433-0500][gc,phases   ] GC(0)   Other: 1.0ms
[2025-08-27T15:37:34.433-0500][gc,heap     ] GC(0) Eden regions: 51->0(44)
[2025-08-27T15:37:34.433-0500][gc,heap     ] GC(0) Survivor regions: 0->7(7)
[2025-08-27T15:37:34.433-0500][gc,heap     ] GC(0) Old regions: 0->2
[2025-08-27T15:37:34.433-0500][gc,heap     ] GC(0) Archive regions: 2->2
[2025-08-27T15:37:34.433-0500][gc,heap     ] GC(0) Humongous regions: 0->0
[2025-08-27T15:37:34.433-0500][gc,metaspace] GC(0) Metaspace: 17843K(18112K)->17843K(18112K) NonClass: 15693K(15808K)->15693K(15808K) Class: 2149K(2304K)->2149K(2304K)
[2025-08-27T15:37:34.433-0500][gc          ] GC(0) Pause Young (Normal) (G1 Evacuation Pause) 51M->8M(1024M) 3.683ms
[2025-08-27T15:37:34.433-0500][gc,cpu      ] GC(0) User=0.02s Sys=0.01s Real=0.00s
[2025-08-27T15:37:34.629-0500][gc,start    ] GC(1) Pause Young (Concurrent Start) (Metadata GC Threshold)
[2025-08-27T15:37:34.629-0500][gc,task     ] GC(1) Using 15 workers of 15 for evacuation
[2025-08-27T15:37:34.632-0500][gc,phases   ] GC(1)   Pre Evacuate Collection Set: 0.2ms
[2025-08-27T15:37:34.632-0500][gc,phases   ] GC(1)   Merge Heap Roots: 0.1ms
[2025-08-27T15:37:34.632-0500][gc,phases   ] GC(1)   Evacuate Collection Set: 2.3ms
[2025-08-27T15:37:34.632-0500][gc,phases   ] GC(1)   Post Evacuate Collection Set: 0.3ms
[2025-08-27T15:37:34.632-0500][gc,phases   ] GC(1)   Other: 0.3ms
[2025-08-27T15:37:34.632-0500][gc,heap     ] GC(1) Eden regions: 15->0(48)
[2025-08-27T15:37:34.632-0500][gc,heap     ] GC(1) Survivor regions: 7->3(7)
[2025-08-27T15:37:34.632-0500][gc,heap     ] GC(1) Old regions: 2->9
[2025-08-27T15:37:34.632-0500][gc,heap     ] GC(1) Archive regions: 2->2
[2025-08-27T15:37:34.632-0500][gc,heap     ] GC(1) Humongous regions: 129->129
[2025-08-27T15:37:34.632-0500][gc,metaspace] GC(1) Metaspace: 21282K(21504K)->21282K(21504K) NonClass: 18713K(18816K)->18713K(18816K) Class: 2569K(2688K)->2569K(2688K)
[2025-08-27T15:37:34.632-0500][gc          ] GC(1) Pause Young (Concurrent Start) (Metadata GC Threshold) 152M->140M(1024M) 3.133ms
[2025-08-27T15:37:34.632-0500][gc,cpu      ] GC(1) User=0.03s Sys=0.00s Real=0.00s
[2025-08-27T15:37:34.632-0500][gc          ] GC(2) Concurrent Mark Cycle
[2025-08-27T15:37:34.632-0500][gc,marking  ] GC(2) Concurrent Clear Claimed Marks
[2025-08-27T15:37:34.632-0500][gc,marking  ] GC(2) Concurrent Clear Claimed Marks 0.018ms
[2025-08-27T15:37:34.632-0500][gc,marking  ] GC(2) Concurrent Scan Root Regions
[2025-08-27T15:37:34.634-0500][gc,marking  ] GC(2) Concurrent Scan Root Regions 1.443ms
[2025-08-27T15:37:34.634-0500][gc,marking  ] GC(2) Concurrent Mark
[2025-08-27T15:37:34.634-0500][gc,marking  ] GC(2) Concurrent Mark From Roots
[2025-08-27T15:37:34.634-0500][gc,task     ] GC(2) Using 4 workers of 4 for marking
[2025-08-27T15:37:34.634-0500][gc,marking  ] GC(2) Concurrent Mark From Roots 0.851ms
[2025-08-27T15:37:34.634-0500][gc,marking  ] GC(2) Concurrent Preclean
[2025-08-27T15:37:34.635-0500][gc,marking  ] GC(2) Concurrent Preclean 0.035ms
[2025-08-27T15:37:34.635-0500][gc,start    ] GC(2) Pause Remark
[2025-08-27T15:37:34.636-0500][gc          ] GC(2) Pause Remark 141M->141M(1024M) 0.975ms
[2025-08-27T15:37:34.636-0500][gc,cpu      ] GC(2) User=0.01s Sys=0.00s Real=0.00s
[2025-08-27T15:37:34.636-0500][gc,marking  ] GC(2) Concurrent Mark 2.046ms
[2025-08-27T15:37:34.636-0500][gc,marking  ] GC(2) Concurrent Rebuild Remembered Sets
[2025-08-27T15:37:34.637-0500][gc,marking  ] GC(2) Concurrent Rebuild Remembered Sets 1.098ms
[2025-08-27T15:37:34.637-0500][gc,start    ] GC(2) Pause Cleanup
[2025-08-27T15:37:34.637-0500][gc          ] GC(2) Pause Cleanup 141M->141M(1024M) 0.132ms
[2025-08-27T15:37:34.637-0500][gc,cpu      ] GC(2) User=0.00s Sys=0.00s Real=0.00s
[2025-08-27T15:37:34.637-0500][gc,marking  ] GC(2) Concurrent Cleanup for Next Mark
[2025-08-27T15:37:34.639-0500][gc,marking  ] GC(2) Concurrent Cleanup for Next Mark 1.371ms
[2025-08-27T15:37:34.639-0500][gc          ] GC(2) Concurrent Mark Cycle 6.525ms
[2025-08-27T15:37:35.022-0500][gc,start    ] GC(3) Pause Young (Normal) (G1 Evacuation Pause)
[2025-08-27T15:37:35.022-0500][gc,task     ] GC(3) Using 15 workers of 15 for evacuation
[2025-08-27T15:37:35.024-0500][gc,phases   ] GC(3)   Pre Evacuate Collection Set: 0.1ms
[2025-08-27T15:37:35.024-0500][gc,phases   ] GC(3)   Merge Heap Roots: 0.0ms
[2025-08-27T15:37:35.024-0500][gc,phases   ] GC(3)   Evacuate Collection Set: 1.1ms
[2025-08-27T15:37:35.024-0500][gc,phases   ] GC(3)   Post Evacuate Collection Set: 0.2ms
[2025-08-27T15:37:35.024-0500][gc,phases   ] GC(3)   Other: 0.1ms
[2025-08-27T15:37:35.024-0500][gc,heap     ] GC(3) Eden regions: 48->0(44)
[2025-08-27T15:37:35.024-0500][gc,heap     ] GC(3) Survivor regions: 3->7(7)
[2025-08-27T15:37:35.024-0500][gc,heap     ] GC(3) Old regions: 9->9
[2025-08-27T15:37:35.024-0500][gc,heap     ] GC(3) Archive regions: 2->2
[2025-08-27T15:37:35.024-0500][gc,heap     ] GC(3) Humongous regions: 129->129
[2025-08-27T15:37:35.024-0500][gc,metaspace] GC(3) Metaspace: 32707K(32896K)->32707K(32896K) NonClass: 29118K(29248K)->29118K(29248K) Class: 3589K(3648K)->3589K(3648K)
[2025-08-27T15:37:35.024-0500][gc          ] GC(3) Pause Young (Normal) (G1 Evacuation Pause) 188M->144M(1024M) 1.628ms
[2025-08-27T15:37:35.024-0500][gc,cpu      ] GC(3) User=0.02s Sys=0.00s Real=0.01s
[2025-08-27T15:37:35.176-0500][gc,start    ] GC(4) Pause Young (Concurrent Start) (Metadata GC Threshold)
[2025-08-27T15:37:35.176-0500][gc,task     ] GC(4) Using 15 workers of 15 for evacuation
[2025-08-27T15:37:35.179-0500][gc,phases   ] GC(4)   Pre Evacuate Collection Set: 0.2ms
[2025-08-27T15:37:35.179-0500][gc,phases   ] GC(4)   Merge Heap Roots: 0.0ms
[2025-08-27T15:37:35.179-0500][gc,phases   ] GC(4)   Evacuate Collection Set: 2.6ms
[2025-08-27T15:37:35.179-0500][gc,phases   ] GC(4)   Post Evacuate Collection Set: 0.3ms
[2025-08-27T15:37:35.179-0500][gc,phases   ] GC(4)   Other: 0.2ms
[2025-08-27T15:37:35.179-0500][gc,heap     ] GC(4) Eden regions: 15->0(49)
[2025-08-27T15:37:35.179-0500][gc,heap     ] GC(4) Survivor regions: 7->2(7)
[2025-08-27T15:37:35.179-0500][gc,heap     ] GC(4) Old regions: 9->15
[2025-08-27T15:37:35.179-0500][gc,heap     ] GC(4) Archive regions: 2->2
[2025-08-27T15:37:35.179-0500][gc,heap     ] GC(4) Humongous regions: 129->129
[2025-08-27T15:37:35.179-0500][gc,metaspace] GC(4) Metaspace: 35930K(36160K)->35930K(36160K) NonClass: 31899K(32000K)->31899K(32000K) Class: 4031K(4160K)->4031K(4160K)
[2025-08-27T15:37:35.179-0500][gc          ] GC(4) Pause Young (Concurrent Start) (Metadata GC Threshold) 158M->145M(1024M) 3.434ms
[2025-08-27T15:37:35.179-0500][gc,cpu      ] GC(4) User=0.03s Sys=0.01s Real=0.00s
[2025-08-27T15:37:35.179-0500][gc          ] GC(5) Concurrent Mark Cycle
[2025-08-27T15:37:35.179-0500][gc,marking  ] GC(5) Concurrent Clear Claimed Marks
[2025-08-27T15:37:35.179-0500][gc,marking  ] GC(5) Concurrent Clear Claimed Marks 0.015ms
[2025-08-27T15:37:35.179-0500][gc,marking  ] GC(5) Concurrent Scan Root Regions
[2025-08-27T15:37:35.181-0500][gc,marking  ] GC(5) Concurrent Scan Root Regions 1.689ms
[2025-08-27T15:37:35.181-0500][gc,marking  ] GC(5) Concurrent Mark
[2025-08-27T15:37:35.181-0500][gc,marking  ] GC(5) Concurrent Mark From Roots
[2025-08-27T15:37:35.181-0500][gc,task     ] GC(5) Using 4 workers of 4 for marking
[2025-08-27T15:37:35.183-0500][gc,marking  ] GC(5) Concurrent Mark From Roots 1.831ms
[2025-08-27T15:37:35.183-0500][gc,marking  ] GC(5) Concurrent Preclean
[2025-08-27T15:37:35.183-0500][gc,marking  ] GC(5) Concurrent Preclean 0.051ms
[2025-08-27T15:37:35.183-0500][gc,start    ] GC(5) Pause Remark
[2025-08-27T15:37:35.184-0500][gc          ] GC(5) Pause Remark 146M->146M(1024M) 0.765ms
[2025-08-27T15:37:35.184-0500][gc,cpu      ] GC(5) User=0.01s Sys=0.00s Real=0.01s
[2025-08-27T15:37:35.184-0500][gc,marking  ] GC(5) Concurrent Mark 2.754ms
[2025-08-27T15:37:35.184-0500][gc,marking  ] GC(5) Concurrent Rebuild Remembered Sets
[2025-08-27T15:37:35.185-0500][gc,marking  ] GC(5) Concurrent Rebuild Remembered Sets 1.353ms
[2025-08-27T15:37:35.185-0500][gc,start    ] GC(5) Pause Cleanup
[2025-08-27T15:37:35.186-0500][gc          ] GC(5) Pause Cleanup 146M->146M(1024M) 0.138ms
[2025-08-27T15:37:35.186-0500][gc,cpu      ] GC(5) User=0.00s Sys=0.00s Real=0.00s
[2025-08-27T15:37:35.186-0500][gc,marking  ] GC(5) Concurrent Cleanup for Next Mark
[2025-08-27T15:37:35.187-0500][gc,marking  ] GC(5) Concurrent Cleanup for Next Mark 1.212ms
[2025-08-27T15:37:35.187-0500][gc          ] GC(5) Concurrent Mark Cycle 7.419ms
[2025-08-27T15:40:31.797-0500][gc,heap,exit] Heap
[2025-08-27T15:40:31.797-0500][gc,heap,exit]  garbage-first heap   total 1048576K, used 167340K [0x00000000c0000000, 0x0000000100000000)
[2025-08-27T15:40:31.797-0500][gc,heap,exit]   region size 1024K, 20 young (20480K), 2 survivors (2048K)
[2025-08-27T15:40:31.797-0500][gc,heap,exit]  Metaspace       used 38060K, committed 38400K, reserved 1114112K
[2025-08-27T15:40:31.797-0500][gc,heap,exit]   class space    used 4380K, committed 4544K, reserved 1048576K
