[2025-08-27T15:36:41.365-0500][gc] Using G1
[2025-08-27T15:36:41.370-0500][gc,init] Version: 17.0.15+6-Debian-1deb12u1 (release)
[2025-08-27T15:36:41.370-0500][gc,init] CPUs: 20 total, 20 available
[2025-08-27T15:36:41.370-0500][gc,init] Memory: 15681M
[2025-08-27T15:36:41.370-0500][gc,init] Large Page Support: Disabled
[2025-08-27T15:36:41.370-0500][gc,init] NUMA Support: Disabled
[2025-08-27T15:36:41.370-0500][gc,init] Compressed Oops: Enabled (32-bit)
[2025-08-27T15:36:41.370-0500][gc,init] Heap Region Size: 1M
[2025-08-27T15:36:41.370-0500][gc,init] Heap Min Capacity: 512M
[2025-08-27T15:36:41.370-0500][gc,init] Heap Initial Capacity: 512M
[2025-08-27T15:36:41.370-0500][gc,init] Heap Max Capacity: 512M
[2025-08-27T15:36:41.370-0500][gc,init] Pre-touch: Disabled
[2025-08-27T15:36:41.370-0500][gc,init] Parallel Workers: 15
[2025-08-27T15:36:41.370-0500][gc,init] Concurrent Workers: 4
[2025-08-27T15:36:41.370-0500][gc,init] Concurrent Refinement Workers: 15
[2025-08-27T15:36:41.370-0500][gc,init] Periodic GC: Disabled
[2025-08-27T15:36:41.374-0500][gc,metaspace] CDS archive(s) mapped at: [0x00007932bf000000-0x00007932bfbc7000-0x00007932bfbc7000), size 12349440, SharedBaseAddress: 0x00007932bf000000, ArchiveRelocationMode: 1.
[2025-08-27T15:36:41.374-0500][gc,metaspace] Compressed class space mapped at: 0x00007932c0000000-0x0000793300000000, reserved size: 1073741824
[2025-08-27T15:36:41.374-0500][gc,metaspace] Narrow klass base: 0x00007932bf000000, Narrow klass shift: 0, Narrow klass range: 0x100000000
[2025-08-27T15:36:41.589-0500][gc,start    ] GC(0) Pause Young (Normal) (G1 Evacuation Pause)
[2025-08-27T15:36:41.591-0500][gc,task     ] GC(0) Using 12 workers of 15 for evacuation
[2025-08-27T15:36:41.593-0500][gc,phases   ] GC(0)   Pre Evacuate Collection Set: 0.1ms
[2025-08-27T15:36:41.593-0500][gc,phases   ] GC(0)   Merge Heap Roots: 0.1ms
[2025-08-27T15:36:41.593-0500][gc,phases   ] GC(0)   Evacuate Collection Set: 1.7ms
[2025-08-27T15:36:41.593-0500][gc,phases   ] GC(0)   Post Evacuate Collection Set: 0.2ms
[2025-08-27T15:36:41.593-0500][gc,phases   ] GC(0)   Other: 1.2ms
[2025-08-27T15:36:41.593-0500][gc,heap     ] GC(0) Eden regions: 25->0(21)
[2025-08-27T15:36:41.593-0500][gc,heap     ] GC(0) Survivor regions: 0->4(4)
[2025-08-27T15:36:41.593-0500][gc,heap     ] GC(0) Old regions: 0->5
[2025-08-27T15:36:41.593-0500][gc,heap     ] GC(0) Archive regions: 2->2
[2025-08-27T15:36:41.593-0500][gc,heap     ] GC(0) Humongous regions: 0->0
[2025-08-27T15:36:41.593-0500][gc,metaspace] GC(0) Metaspace: 7647K(7808K)->7647K(7808K) NonClass: 6801K(6848K)->6801K(6848K) Class: 845K(960K)->845K(960K)
[2025-08-27T15:36:41.593-0500][gc          ] GC(0) Pause Young (Normal) (G1 Evacuation Pause) 25M->9M(512M) 3.207ms
[2025-08-27T15:36:41.593-0500][gc,cpu      ] GC(0) User=0.01s Sys=0.01s Real=0.00s
[2025-08-27T15:40:29.316-0500][gc,heap,exit] Heap
[2025-08-27T15:40:29.316-0500][gc,heap,exit]  garbage-first heap   total 524288K, used 16294K [0x00000000e0000000, 0x0000000100000000)
[2025-08-27T15:40:29.316-0500][gc,heap,exit]   region size 1024K, 11 young (11264K), 4 survivors (4096K)
[2025-08-27T15:40:29.316-0500][gc,heap,exit]  Metaspace       used 8495K, committed 8704K, reserved 1114112K
[2025-08-27T15:40:29.316-0500][gc,heap,exit]   class space    used 928K, committed 1024K, reserved 1048576K
